============================= test session starts =============================
platform win32 -- Python 3.12.3, pytest-8.3.5, pluggy-1.5.0
rootdir: D:\Flask_Blog
collected 9 items

tests\test_app.py F.FFFFF.F                                              [100%]

================================== FAILURES ===================================
__________________ FlaskTestCase.test_ai_article_generation ___________________

self = <tests.test_app.FlaskTestCase testMethod=test_ai_article_generation>

    def test_ai_article_generation(self):
        response = self.client.post('/aichat', data=dict(
            title="AI in Healthcare"
        ), follow_redirects=True)
        self.assertEqual(response.status_code, 200)
        # Since a valid title should redirect to 'editai' route, checking for "Edit" is acceptable if that's present on the edit page.
>       self.assertIn("Edit", response.data.decode())
E       AssertionError: 'Edit' not found in '<!DOCTYPE html>\n<html lang="en">\n<head>\n    <meta charset="UTF-8">\n    <meta name="viewport" content="width=device-width, initial-scale=1.0">\n    <title>Enter Prompt</title>\n    <link href="https://cdn.jsdelivr.net/npm/bootstrap@5.3.2/dist/css/bootstrap.min.css" rel="stylesheet">\n    <style>\n        body {\n            background-color: #121212;\n            color: white;\n        }\n        .container {\n            max-width: 500px;\n            margin-top: 50px;\n            padding: 30px;\n            background-color: #1e1e1e;\n            border-radius: 10px;\n            box-shadow: 0px 0px 10px rgba(255, 255, 255, 0.1);\n            text-align: center;\n        }\n        input {\n            background-color: #2c2c2c;\n            color: white;\n            border: 1px solid #444;\n        }\n        label, h3 {\n            font-weight: bold;\n        }\n        .btn-primary {\n            background-color: #6200ea;\n            border: none;\n        }\n        .btn-primary:hover {\n            background-color: #3700b3;\n        }\n    </style>\n</head>\n<body>\n\n    <div class="container">\n        <h3 class="mb-4">Enter Title for the Article</h3>\n        <form method="post" enctype="multipart/form-data">\n            <input id="csrf_token" name="csrf_token" type="hidden" value="ImVmMWZhOTg2Y2YxZDQ2NjUxNGM4NzBiYTNjNjZmZTdlMjA2ZmNhMzci.Z8ga8g.8O__ACdXOCHB0vK100KPzX64Uck">\n\n            <div class="mb-3">\n                <textarea class="form-control" id="title" name="title" required>\r\nAI in Healthcare</textarea>\n            </div>\n\n            <div>\n                <input class="btn btn-primary px-4 py-2" id="submit" name="submit" type="submit" value="Generate Article">\n            </div>\n        </form>\n    </div>\n\n    <script src="https://cdn.jsdelivr.net/npm/bootstrap@5.3.2/dist/js/bootstrap.bundle.min.js"></script>\n</body>\n</html>'

tests\test_app.py:66: AssertionError
_______________________ FlaskTestCase.test_file_upload ________________________

self = <tests.test_app.FlaskTestCase testMethod=test_file_upload>

    def test_file_upload(self):
        with open("sample.md", "rb") as file:
            response = self.client.post('/home', data=dict(
                file=(file, "sample.md"),
                title="Sample Blog",
                platforms=["dev"],
                image_url=""
            ), follow_redirects=True)
        self.assertEqual(response.status_code, 200)
>       self.assertIn("Post Added to Draft successful", response.data.decode())
E       AssertionError: 'Post Added to Draft successful' not found in '<!DOCTYPE html>\n<html lang="en">\n<head>\n    <meta charset="UTF-8">\n    <meta name="viewport" content="width=device-width, initial-scale=1.0">\n    <title>Upload Form</title>\n    <link href="https://cdn.jsdelivr.net/npm/bootstrap@5.3.2/dist/css/bootstrap.min.css" rel="stylesheet">\n    <style>\n        body {\n            background-color: #121212;\n            color: white;\n        }\n        .container {\n            max-width: 600px;\n            margin-top: 50px;\n            background: #1e1e1e;\n            padding: 30px;\n            border-radius: 10px;\n            box-shadow: 0px 0px 15px rgba(255, 255, 255, 0.1);\n        }\n        h1, h3 {\n            text-align: center;\n            margin-bottom: 20px;\n        }\n        .form-control {\n            background-color: #2a2a2a;\n            color: white;\n            border: 1px solid #444;\n        }\n        .btn-primary {\n            background-color: #6200ea;\n            border: none;\n            width: 100%;\n        }\n        .btn-primary:hover {\n            background-color: #3700b3;\n        }\n    </style>\n</head>\n<body>\n\n    <div class="container">\n        <h1>Upload File [Only .md Files Allowed]</h1>\n\n        <form method="post" enctype="multipart/form-data">\n            <input id="csrf_token" name="csrf_token" type="hidden" value="IjQ0ZjEyZWQ5OGI5ZDU0NWFjYzk5ZjEwMGVjNmVjYzhmZDMzNzE4Njci.Z8ga8g.Vv-3G2QudLdXy7lwiEE_n_7Z3nI">\n\n            <div class="mb-3">\n                <input class="form-control" id="file" name="file" required type="file">\n            </div>\n\n            <h3>Enter Title for the Article</h3>\n            <div class="mb-3">\n                <textarea class="form-control" id="title" name="title" required>\r\nSample Blog</textarea>\n            </div>\n\n            <div class="mb-3">\n                <label for="image_url">Upload image url</label>\n                <input class="form-control" id="image_url" name="image_url" type="url" value="">\n            </div>\n\n            <div class="mb-3">\n                <label for="platforms">Choose Platforms  [ctrl+click to select multiple platforms]</label>\n                <select class="form-control" id="platforms" multiple name="platforms" required><option value="med">Medium</option><option selected value="dev">DevCommunity</option><option value="hn">HashNode</option></select>\n            </div>\n\n            <button type="submit" class="btn btn-primary btn-lg">Submit</button>\n        </form>\n    </div>\n\n    <script src="https://cdn.jsdelivr.net/npm/bootstrap@5.3.2/dist/js/bootstrap.bundle.min.js"></script>\n</body>\n</html>'

tests\test_app.py:99: AssertionError
______________________ FlaskTestCase.test_homepage_loads ______________________

self = <tests.test_app.FlaskTestCase testMethod=test_homepage_loads>

    def test_homepage_loads(self):
        response = self.client.get('/')
        self.assertEqual(response.status_code, 200)
        # Adjust this to a keyword you actually expect on your homepage template
>       self.assertIn("Welcome", response.data.decode())
E       AssertionError: 'Welcome' not found in '<!DOCTYPE html>\n<html lang="en">\n<head>\n    <meta charset="UTF-8">\n    <meta name="viewport" content="width=device-width, initial-scale=1.0">\n    <title>Article Uploader</title>\n    <link href="https://cdn.jsdelivr.net/npm/bootstrap@5.3.2/dist/css/bootstrap.min.css" rel="stylesheet">\n    <style>\n        body {\n            background-color: #121212;\n            color: white;\n        }\n        .hero {\n            height: 100vh;\n            display: flex;\n            flex-direction: column;\n            align-items: center;\n            justify-content: center;\n            text-align: center;\n        }\n        h1 {\n            font-weight: bold;\n        }\n        .btn-custom {\n            padding: 12px 20px;\n            font-size: 1.2rem;\n            border-radius: 8px;\n            text-decoration: none;\n            display: inline-block;\n            margin: 10px;\n            width: 200px;\n        }\n        .btn-primary {\n            background-color: #6200ea;\n            border: none;\n        }\n        .btn-primary:hover {\n            background-color: #3700b3;\n        }\n    </style>\n</head>\n<body>\n\n    <div class="hero">\n        <h1 class="display-4">Article Uploader</h1>\n        <p class="lead">Let\'s Begin</p>\n\n        <a href="/register" class="btn btn-primary btn-custom">Register</a>\n        <a href="/login" class="btn btn-secondary btn-custom">Login</a>\n    </div>\n\n    <script src="https://cdn.jsdelivr.net/npm/bootstrap@5.3.2/dist/js/bootstrap.bundle.min.js"></script>\n</body>\n</html>'

tests\test_app.py:19: AssertionError
___________________ FlaskTestCase.test_invalid_file_upload ____________________

self = <tests.test_app.FlaskTestCase testMethod=test_invalid_file_upload>

    def test_invalid_file_upload(self):
        # Test uploading a file with an invalid extension (e.g., .txt)
        with open("sample.txt", "rb") as file:
            response = self.client.post('/home', data=dict(
                file=(file, "sample.txt"),
                title="Invalid File",
                platforms=["dev"],
                image_url=""
            ), follow_redirects=True)
    
        # Since your code returns a string with a 200 status, we check for that message.
        self.assertEqual(response.status_code, 200)
>       self.assertIn("Invalid file extension. Only .md files are allowed.", response.data.decode())
E       AssertionError: 'Invalid file extension. Only .md files are allowed.' not found in '<!DOCTYPE html>\n<html lang="en">\n<head>\n    <meta charset="UTF-8">\n    <meta name="viewport" content="width=device-width, initial-scale=1.0">\n    <title>Upload Form</title>\n    <link href="https://cdn.jsdelivr.net/npm/bootstrap@5.3.2/dist/css/bootstrap.min.css" rel="stylesheet">\n    <style>\n        body {\n            background-color: #121212;\n            color: white;\n        }\n        .container {\n            max-width: 600px;\n            margin-top: 50px;\n            background: #1e1e1e;\n            padding: 30px;\n            border-radius: 10px;\n            box-shadow: 0px 0px 15px rgba(255, 255, 255, 0.1);\n        }\n        h1, h3 {\n            text-align: center;\n            margin-bottom: 20px;\n        }\n        .form-control {\n            background-color: #2a2a2a;\n            color: white;\n            border: 1px solid #444;\n        }\n        .btn-primary {\n            background-color: #6200ea;\n            border: none;\n            width: 100%;\n        }\n        .btn-primary:hover {\n            background-color: #3700b3;\n        }\n    </style>\n</head>\n<body>\n\n    <div class="container">\n        <h1>Upload File [Only .md Files Allowed]</h1>\n\n        <form method="post" enctype="multipart/form-data">\n            <input id="csrf_token" name="csrf_token" type="hidden" value="IjIyYzFlZWQwNGRmOGRkMjM3MGE3ZTdmOWU3NzY5ZDI4ZDQ4MjlhZWYi.Z8ga8g.K1AGh3dTCGyH7X3jZELxWNktE6Q">\n\n            <div class="mb-3">\n                <input class="form-control" id="file" name="file" required type="file">\n            </div>\n\n            <h3>Enter Title for the Article</h3>\n            <div class="mb-3">\n                <textarea class="form-control" id="title" name="title" required>\r\nInvalid File</textarea>\n            </div>\n\n            <div class="mb-3">\n                <label for="image_url">Upload image url</label>\n                <input class="form-control" id="image_url" name="image_url" type="url" value="">\n            </div>\n\n            <div class="mb-3">\n                <label for="platforms">Choose Platforms  [ctrl+click to select multiple platforms]</label>\n                <select class="form-control" id="platforms" multiple name="platforms" required><option value="med">Medium</option><option selected value="dev">DevCommunity</option><option value="hn">HashNode</option></select>\n            </div>\n\n            <button type="submit" class="btn btn-primary btn-lg">Submit</button>\n        </form>\n    </div>\n\n    <script src="https://cdn.jsdelivr.net/npm/bootstrap@5.3.2/dist/js/bootstrap.bundle.min.js"></script>\n</body>\n</html>'

tests\test_app.py:80: AssertionError
______________________ FlaskTestCase.test_invalid_login _______________________

self = <tests.test_app.FlaskTestCase testMethod=test_invalid_login>

    def test_invalid_login(self):
        response = self.client.post('/login', data=dict(
            username="wronguser",
            password="wrongpassword"
        ), follow_redirects=True)
        self.assertEqual(response.status_code, 200)
>       self.assertIn("Login credentials wrong", response.data.decode())
E       AssertionError: 'Login credentials wrong' not found in '<!DOCTYPE html>\n<html lang="en">\n<head>\n    <meta charset="UTF-8">\n    <meta name="viewport" content="width=device-width, initial-scale=1.0">\n    <title>Log In</title>\n    <link href="https://cdn.jsdelivr.net/npm/bootstrap@5.3.2/dist/css/bootstrap.min.css" rel="stylesheet">\n    <style>\n        body {\n            background-color: #121212;\n            color: white;\n        }\n        .container {\n            max-width: 400px;\n            margin-top: 80px;\n            padding: 30px;\n            background-color: #1e1e1e;\n            border-radius: 10px;\n            box-shadow: 0px 0px 10px rgba(255, 255, 255, 0.1);\n            text-align: center;\n        }\n        input {\n            background-color: #2c2c2c;\n            color: white;\n            border: 1px solid #444;\n        }\n        label {\n            font-weight: bold;\n            text-align: left;\n            display: block;\n        }\n        .btn-primary {\n            background-color: #6200ea;\n            border: none;\n            width: 100%;\n        }\n        .btn-primary:hover {\n            background-color: #3700b3;\n        }\n        .btn-secondary {\n            background-color: #555;\n            border: none;\n        }\n        .btn-secondary:hover {\n            background-color: #777;\n        }\n    </style>\n</head>\n<body>\n\n    <div class="container">\n        <h3 class="mb-4">Log In</h3>\n        <form method="post">\n            <input id="csrf_token" name="csrf_token" type="hidden" value="IjI0Y2I0YjI4ZDU3MWE0NDc1NTc3NzVkOGQzZGMyMGI1YTEyZmMwZWUi.Z8ga8g.XKHWvI771VmxFtwOCAzPZ5SHT-w">\n\n            <div class="mb-3">\n                <label for="username">Enter username</label>\n                <input class="form-control" id="username" name="username" required type="text" value="wronguser">\n            </div>\n\n            <div class="mb-3">\n                <label for="password">Enter Password</label>\n                <input class="form-control" id="password" name="password" required type="password" value="">\n            </div>\n\n            <div class="mb-3">\n                <h6>Don\'t have an account?</h6>\n                <a class="btn btn-sm btn-secondary" href="/register">Register</a>\n            </div>\n\n            <div>\n                <input class="btn btn-primary py-2" id="submit" name="submit" type="submit" value="Log-in">\n            </div>\n        </form>\n    </div>\n\n    <script src="https://cdn.jsdelivr.net/npm/bootstrap@5.3.2/dist/js/bootstrap.bundle.min.js"></script>\n</body>\n</html>'

tests\test_app.py:58: AssertionError
__________________________ FlaskTestCase.test_login ___________________________

self = <tests.test_app.FlaskTestCase testMethod=test_login>

    def test_login(self):
        # First, register a user
        self.client.post('/register', data=dict(
            username="testuser",
            email_address="test@example.com",
            password1="password123",
            password2="password123"
        ), follow_redirects=True)
    
        response = self.client.post('/login', data=dict(
            username="testuser",
            password="password123"
        ), follow_redirects=True)
    
        self.assertEqual(response.status_code, 200)
>       self.assertIn("Choose", response.data.decode())
E       AssertionError: 'Choose' not found in '<!DOCTYPE html>\n<html lang="en">\n<head>\n    <meta charset="UTF-8">\n    <meta name="viewport" content="width=device-width, initial-scale=1.0">\n    <title>Log In</title>\n    <link href="https://cdn.jsdelivr.net/npm/bootstrap@5.3.2/dist/css/bootstrap.min.css" rel="stylesheet">\n    <style>\n        body {\n            background-color: #121212;\n            color: white;\n        }\n        .container {\n            max-width: 400px;\n            margin-top: 80px;\n            padding: 30px;\n            background-color: #1e1e1e;\n            border-radius: 10px;\n            box-shadow: 0px 0px 10px rgba(255, 255, 255, 0.1);\n            text-align: center;\n        }\n        input {\n            background-color: #2c2c2c;\n            color: white;\n            border: 1px solid #444;\n        }\n        label {\n            font-weight: bold;\n            text-align: left;\n            display: block;\n        }\n        .btn-primary {\n            background-color: #6200ea;\n            border: none;\n            width: 100%;\n        }\n        .btn-primary:hover {\n            background-color: #3700b3;\n        }\n        .btn-secondary {\n            background-color: #555;\n            border: none;\n        }\n        .btn-secondary:hover {\n            background-color: #777;\n        }\n    </style>\n</head>\n<body>\n\n    <div class="container">\n        <h3 class="mb-4">Log In</h3>\n        <form method="post">\n            <input id="csrf_token" name="csrf_token" type="hidden" value="Ijg3YWVlNWVmNzkzNmNmY2E1ZDU1YzM3YmEyMWM0ZTU0ODk3NWViN2Mi.Z8ga8g.0pR27er9xxT6HsZIUzn_imEvcBc">\n\n            <div class="mb-3">\n                <label for="username">Enter username</label>\n                <input class="form-control" id="username" name="username" required type="text" value="testuser">\n            </div>\n\n            <div class="mb-3">\n                <label for="password">Enter Password</label>\n                <input class="form-control" id="password" name="password" required type="password" value="">\n            </div>\n\n            <div class="mb-3">\n                <h6>Don\'t have an account?</h6>\n                <a class="btn btn-sm btn-secondary" href="/register">Register</a>\n            </div>\n\n            <div>\n                <input class="btn btn-primary py-2" id="submit" name="submit" type="submit" value="Log-in">\n            </div>\n        </form>\n    </div>\n\n    <script src="https://cdn.jsdelivr.net/npm/bootstrap@5.3.2/dist/js/bootstrap.bundle.min.js"></script>\n</body>\n</html>'

tests\test_app.py:50: AssertionError
______________________ FlaskTestCase.test_register_user _______________________

self = <tests.test_app.FlaskTestCase testMethod=test_register_user>

    def test_register_user(self):
        response = self.client.post('/register', data=dict(
            username="testuser",
            email_address="test@example.com",
            password1="password123",
            password2="password123"
        ), follow_redirects=True)
        self.assertEqual(response.status_code, 200)
>       self.assertIn("Details", response.data.decode())
E       AssertionError: 'Details' not found in '<!DOCTYPE html>\n<html lang="en">\n<head>\n    <meta charset="UTF-8">\n    <meta name="viewport" content="width=device-width, initial-scale=1.0">\n    <title>Register</title>\n    <link href="https://cdn.jsdelivr.net/npm/bootstrap@5.3.2/dist/css/bootstrap.min.css" rel="stylesheet">\n    <style>\n        body {\n            background-color: #121212;\n            color: white;\n        }\n        .container {\n            max-width: 500px;\n            margin-top: 50px;\n            padding: 30px;\n            background-color: #1e1e1e;\n            border-radius: 10px;\n            box-shadow: 0px 0px 10px rgba(255, 255, 255, 0.1);\n            text-align: center;\n        }\n        input {\n            background-color: #2c2c2c;\n            color: white;\n            border: 1px solid #444;\n        }\n        label {\n            font-weight: bold;\n            text-align: left;\n            display: block;\n        }\n        .btn-primary {\n            background-color: #6200ea;\n            border: none;\n        }\n        .btn-primary:hover {\n            background-color: #3700b3;\n        }\n        .btn-secondary {\n            background-color: #444;\n            border: none;\n        }\n        .btn-secondary:hover {\n            background-color: #333;\n        }\n    </style>\n</head>\n<body>\n\n    <div class="container">\n        <h3 class="mb-4">Register</h3>\n        <form method="post">\n            <input id="csrf_token" name="csrf_token" type="hidden" value="IjBhOGMwZjI2YjA0OGRjM2QyZjQyNmVlNTc1MjNiZmM1YjM1YTFkNDMi.Z8ga8g.sQrRuFhHusGSC7dEopj5R5Q1RQc">\n\n            <div class="mb-3">\n                <label for="username">User Name:</label>\n                <input class="form-control" id="username" maxlength="30" minlength="2" name="username" required type="text" value="testuser">\n            </div>\n\n            <div class="mb-3">\n                <label for="email_address">Email Address</label>\n                <input class="form-control" id="email_address" name="email_address" required type="email" value="test@example.com">\n            </div>\n\n            <div class="mb-3">\n                <label for="password1">password:</label>\n                <input class="form-control" id="password1" minlength="6" name="password1" required type="password" value="">\n            </div>\n\n            <div class="mb-3">\n                <label for="password2">confirm password:</label>\n                <input class="form-control" id="password2" name="password2" required type="password" value="">\n            </div>\n\n            <div class="mb-3">\n                <h6>Already have an account?</h6>\n                <a class="btn btn-sm btn-secondary" href="/login">Log in</a>\n            </div>\n\n            <div>\n                <input class="btn btn-primary px-4 py-2" id="submit" name="submit" type="submit" value="Create account">\n            </div>\n        </form>\n    </div>\n\n    <script src="https://cdn.jsdelivr.net/npm/bootstrap@5.3.2/dist/js/bootstrap.bundle.min.js"></script>\n</body>\n</html>'

tests\test_app.py:33: AssertionError
============================== warnings summary ===============================
<frozen importlib._bootstrap>:488
  <frozen importlib._bootstrap>:488: DeprecationWarning: Type google._upb._message.MessageMapContainer uses PyType_Spec with a metaclass that has custom tp_new. This is deprecated and will no longer be allowed in Python 3.14.

<frozen importlib._bootstrap>:488
  <frozen importlib._bootstrap>:488: DeprecationWarning: Type google._upb._message.ScalarMapContainer uses PyType_Spec with a metaclass that has custom tp_new. This is deprecated and will no longer be allowed in Python 3.14.

-- Docs: https://docs.pytest.org/en/stable/how-to/capture-warnings.html
=========================== short test summary info ===========================
FAILED tests/test_app.py::FlaskTestCase::test_ai_article_generation - Asserti...
FAILED tests/test_app.py::FlaskTestCase::test_file_upload - AssertionError: '...
FAILED tests/test_app.py::FlaskTestCase::test_homepage_loads - AssertionError...
FAILED tests/test_app.py::FlaskTestCase::test_invalid_file_upload - Assertion...
FAILED tests/test_app.py::FlaskTestCase::test_invalid_login - AssertionError:...
FAILED tests/test_app.py::FlaskTestCase::test_login - AssertionError: 'Choose...
FAILED tests/test_app.py::FlaskTestCase::test_register_user - AssertionError:...
=================== 7 failed, 2 passed, 2 warnings in 1.03s ===================
============================= test session starts =============================
platform win32 -- Python 3.12.3, pytest-8.3.5, pluggy-1.5.0
rootdir: D:\Flask_Blog
collected 9 items

tests\test_app.py F.F.FFF.F                                              [100%]

================================== FAILURES ===================================
__________________ FlaskTestCase.test_ai_article_generation ___________________

self = <tests.test_app.FlaskTestCase testMethod=test_ai_article_generation>

    def test_ai_article_generation(self):
        response = self.client.post('/aichat', data=dict(
            title="AI in Healthcare"
        ), follow_redirects=True)
        self.assertEqual(response.status_code, 200)
        # Since a valid title should redirect to 'editai' route, checking for "Edit" is acceptable if that's present on the edit page.
>       self.assertIn("Edit", response.data.decode())
E       AssertionError: 'Edit' not found in '<!DOCTYPE html>\n<html lang="en">\n<head>\n    <meta charset="UTF-8">\n    <meta name="viewport" content="width=device-width, initial-scale=1.0">\n    <title>Enter Prompt</title>\n    <link href="https://cdn.jsdelivr.net/npm/bootstrap@5.3.2/dist/css/bootstrap.min.css" rel="stylesheet">\n    <style>\n        body {\n            background-color: #121212;\n            color: white;\n        }\n        .container {\n            max-width: 500px;\n            margin-top: 50px;\n            padding: 30px;\n            background-color: #1e1e1e;\n            border-radius: 10px;\n            box-shadow: 0px 0px 10px rgba(255, 255, 255, 0.1);\n            text-align: center;\n        }\n        input {\n            background-color: #2c2c2c;\n            color: white;\n            border: 1px solid #444;\n        }\n        label, h3 {\n            font-weight: bold;\n        }\n        .btn-primary {\n            background-color: #6200ea;\n            border: none;\n        }\n        .btn-primary:hover {\n            background-color: #3700b3;\n        }\n    </style>\n</head>\n<body>\n\n    <div class="container">\n        <h3 class="mb-4">Enter Title for the Article</h3>\n        <form method="post" enctype="multipart/form-data">\n            <input id="csrf_token" name="csrf_token" type="hidden" value="ImI4YWUxNjI3N2QwNjA1ZGRkYjEzNGUzODM2MjU4MGZmNzIxOWZhNjci.Z8gbDw.UcrXPoz-IDti-9IBDuTq0t9yxXk">\n\n            <div class="mb-3">\n                <textarea class="form-control" id="title" name="title" required>\r\nAI in Healthcare</textarea>\n            </div>\n\n            <div>\n                <input class="btn btn-primary px-4 py-2" id="submit" name="submit" type="submit" value="Generate Article">\n            </div>\n        </form>\n    </div>\n\n    <script src="https://cdn.jsdelivr.net/npm/bootstrap@5.3.2/dist/js/bootstrap.bundle.min.js"></script>\n</body>\n</html>'

tests\test_app.py:66: AssertionError
_______________________ FlaskTestCase.test_file_upload ________________________

self = <tests.test_app.FlaskTestCase testMethod=test_file_upload>

    def test_file_upload(self):
        with open("sample.md", "rb") as file:
            response = self.client.post('/home', data=dict(
                file=(file, "sample.md"),
                title="Sample Blog",
                platforms=["dev"],
                image_url=""
            ), follow_redirects=True)
        self.assertEqual(response.status_code, 200)
>       self.assertIn("Post Added to Draft successful", response.data.decode())
E       AssertionError: 'Post Added to Draft successful' not found in '<!DOCTYPE html>\n<html lang="en">\n<head>\n    <meta charset="UTF-8">\n    <meta name="viewport" content="width=device-width, initial-scale=1.0">\n    <title>Upload Form</title>\n    <link href="https://cdn.jsdelivr.net/npm/bootstrap@5.3.2/dist/css/bootstrap.min.css" rel="stylesheet">\n    <style>\n        body {\n            background-color: #121212;\n            color: white;\n        }\n        .container {\n            max-width: 600px;\n            margin-top: 50px;\n            background: #1e1e1e;\n            padding: 30px;\n            border-radius: 10px;\n            box-shadow: 0px 0px 15px rgba(255, 255, 255, 0.1);\n        }\n        h1, h3 {\n            text-align: center;\n            margin-bottom: 20px;\n        }\n        .form-control {\n            background-color: #2a2a2a;\n            color: white;\n            border: 1px solid #444;\n        }\n        .btn-primary {\n            background-color: #6200ea;\n            border: none;\n            width: 100%;\n        }\n        .btn-primary:hover {\n            background-color: #3700b3;\n        }\n    </style>\n</head>\n<body>\n\n    <div class="container">\n        <h1>Upload File [Only .md Files Allowed]</h1>\n\n        <form method="post" enctype="multipart/form-data">\n            <input id="csrf_token" name="csrf_token" type="hidden" value="ImMxOTI4ZmI0NTNhMGQ2MDQ4NGZkYWMyMGExMDNjMThkNGU3ZmRlYzgi.Z8gbDw._iO71wgb81ZL0AdKEiXqNLiPgB0">\n\n            <div class="mb-3">\n                <input class="form-control" id="file" name="file" required type="file">\n            </div>\n\n            <h3>Enter Title for the Article</h3>\n            <div class="mb-3">\n                <textarea class="form-control" id="title" name="title" required>\r\nSample Blog</textarea>\n            </div>\n\n            <div class="mb-3">\n                <label for="image_url">Upload image url</label>\n                <input class="form-control" id="image_url" name="image_url" type="url" value="">\n            </div>\n\n            <div class="mb-3">\n                <label for="platforms">Choose Platforms  [ctrl+click to select multiple platforms]</label>\n                <select class="form-control" id="platforms" multiple name="platforms" required><option value="med">Medium</option><option selected value="dev">DevCommunity</option><option value="hn">HashNode</option></select>\n            </div>\n\n            <button type="submit" class="btn btn-primary btn-lg">Submit</button>\n        </form>\n    </div>\n\n    <script src="https://cdn.jsdelivr.net/npm/bootstrap@5.3.2/dist/js/bootstrap.bundle.min.js"></script>\n</body>\n</html>'

tests\test_app.py:99: AssertionError
___________________ FlaskTestCase.test_invalid_file_upload ____________________

self = <tests.test_app.FlaskTestCase testMethod=test_invalid_file_upload>

    def test_invalid_file_upload(self):
        # Test uploading a file with an invalid extension (e.g., .txt)
        with open("sample.txt", "rb") as file:
            response = self.client.post('/home', data=dict(
                file=(file, "sample.txt"),
                title="Invalid File",
                platforms=["dev"],
                image_url=""
            ), follow_redirects=True)
    
        # Since your code returns a string with a 200 status, we check for that message.
        self.assertEqual(response.status_code, 200)
>       self.assertIn("Invalid file extension. Only .md files are allowed.", response.data.decode())
E       AssertionError: 'Invalid file extension. Only .md files are allowed.' not found in '<!DOCTYPE html>\n<html lang="en">\n<head>\n    <meta charset="UTF-8">\n    <meta name="viewport" content="width=device-width, initial-scale=1.0">\n    <title>Upload Form</title>\n    <link href="https://cdn.jsdelivr.net/npm/bootstrap@5.3.2/dist/css/bootstrap.min.css" rel="stylesheet">\n    <style>\n        body {\n            background-color: #121212;\n            color: white;\n        }\n        .container {\n            max-width: 600px;\n            margin-top: 50px;\n            background: #1e1e1e;\n            padding: 30px;\n            border-radius: 10px;\n            box-shadow: 0px 0px 15px rgba(255, 255, 255, 0.1);\n        }\n        h1, h3 {\n            text-align: center;\n            margin-bottom: 20px;\n        }\n        .form-control {\n            background-color: #2a2a2a;\n            color: white;\n            border: 1px solid #444;\n        }\n        .btn-primary {\n            background-color: #6200ea;\n            border: none;\n            width: 100%;\n        }\n        .btn-primary:hover {\n            background-color: #3700b3;\n        }\n    </style>\n</head>\n<body>\n\n    <div class="container">\n        <h1>Upload File [Only .md Files Allowed]</h1>\n\n        <form method="post" enctype="multipart/form-data">\n            <input id="csrf_token" name="csrf_token" type="hidden" value="IjkwMWI1M2U0ZDRiYzM0YmNhOWNkNWNkMjkyMmI0ZDg1NGFmZDY3MWUi.Z8gbDw._8fjXWficdxE-5-DV9bHDu86bXY">\n\n            <div class="mb-3">\n                <input class="form-control" id="file" name="file" required type="file">\n            </div>\n\n            <h3>Enter Title for the Article</h3>\n            <div class="mb-3">\n                <textarea class="form-control" id="title" name="title" required>\r\nInvalid File</textarea>\n            </div>\n\n            <div class="mb-3">\n                <label for="image_url">Upload image url</label>\n                <input class="form-control" id="image_url" name="image_url" type="url" value="">\n            </div>\n\n            <div class="mb-3">\n                <label for="platforms">Choose Platforms  [ctrl+click to select multiple platforms]</label>\n                <select class="form-control" id="platforms" multiple name="platforms" required><option value="med">Medium</option><option selected value="dev">DevCommunity</option><option value="hn">HashNode</option></select>\n            </div>\n\n            <button type="submit" class="btn btn-primary btn-lg">Submit</button>\n        </form>\n    </div>\n\n    <script src="https://cdn.jsdelivr.net/npm/bootstrap@5.3.2/dist/js/bootstrap.bundle.min.js"></script>\n</body>\n</html>'

tests\test_app.py:80: AssertionError
______________________ FlaskTestCase.test_invalid_login _______________________

self = <tests.test_app.FlaskTestCase testMethod=test_invalid_login>

    def test_invalid_login(self):
        response = self.client.post('/login', data=dict(
            username="wronguser",
            password="wrongpassword"
        ), follow_redirects=True)
        self.assertEqual(response.status_code, 200)
>       self.assertIn("Login credentials wrong", response.data.decode())
E       AssertionError: 'Login credentials wrong' not found in '<!DOCTYPE html>\n<html lang="en">\n<head>\n    <meta charset="UTF-8">\n    <meta name="viewport" content="width=device-width, initial-scale=1.0">\n    <title>Log In</title>\n    <link href="https://cdn.jsdelivr.net/npm/bootstrap@5.3.2/dist/css/bootstrap.min.css" rel="stylesheet">\n    <style>\n        body {\n            background-color: #121212;\n            color: white;\n        }\n        .container {\n            max-width: 400px;\n            margin-top: 80px;\n            padding: 30px;\n            background-color: #1e1e1e;\n            border-radius: 10px;\n            box-shadow: 0px 0px 10px rgba(255, 255, 255, 0.1);\n            text-align: center;\n        }\n        input {\n            background-color: #2c2c2c;\n            color: white;\n            border: 1px solid #444;\n        }\n        label {\n            font-weight: bold;\n            text-align: left;\n            display: block;\n        }\n        .btn-primary {\n            background-color: #6200ea;\n            border: none;\n            width: 100%;\n        }\n        .btn-primary:hover {\n            background-color: #3700b3;\n        }\n        .btn-secondary {\n            background-color: #555;\n            border: none;\n        }\n        .btn-secondary:hover {\n            background-color: #777;\n        }\n    </style>\n</head>\n<body>\n\n    <div class="container">\n        <h3 class="mb-4">Log In</h3>\n        <form method="post">\n            <input id="csrf_token" name="csrf_token" type="hidden" value="ImM5ZTQ4YmJhNWNiYzg3NzczNmJkOTJkYzg0M2YyYWJiYTFjNmE2OTQi.Z8gbDw.AYMFY9w-EiPozcKO_QanKV_5M3w">\n\n            <div class="mb-3">\n                <label for="username">Enter username</label>\n                <input class="form-control" id="username" name="username" required type="text" value="wronguser">\n            </div>\n\n            <div class="mb-3">\n                <label for="password">Enter Password</label>\n                <input class="form-control" id="password" name="password" required type="password" value="">\n            </div>\n\n            <div class="mb-3">\n                <h6>Don\'t have an account?</h6>\n                <a class="btn btn-sm btn-secondary" href="/register">Register</a>\n            </div>\n\n            <div>\n                <input class="btn btn-primary py-2" id="submit" name="submit" type="submit" value="Log-in">\n            </div>\n        </form>\n    </div>\n\n    <script src="https://cdn.jsdelivr.net/npm/bootstrap@5.3.2/dist/js/bootstrap.bundle.min.js"></script>\n</body>\n</html>'

tests\test_app.py:58: AssertionError
__________________________ FlaskTestCase.test_login ___________________________

self = <tests.test_app.FlaskTestCase testMethod=test_login>

    def test_login(self):
        # First, register a user
        self.client.post('/register', data=dict(
            username="testuser",
            email_address="test@example.com",
            password1="password123",
            password2="password123"
        ), follow_redirects=True)
    
        response = self.client.post('/login', data=dict(
            username="testuser",
            password="password123"
        ), follow_redirects=True)
    
        self.assertEqual(response.status_code, 200)
>       self.assertIn("Choose", response.data.decode())
E       AssertionError: 'Choose' not found in '<!DOCTYPE html>\n<html lang="en">\n<head>\n    <meta charset="UTF-8">\n    <meta name="viewport" content="width=device-width, initial-scale=1.0">\n    <title>Log In</title>\n    <link href="https://cdn.jsdelivr.net/npm/bootstrap@5.3.2/dist/css/bootstrap.min.css" rel="stylesheet">\n    <style>\n        body {\n            background-color: #121212;\n            color: white;\n        }\n        .container {\n            max-width: 400px;\n            margin-top: 80px;\n            padding: 30px;\n            background-color: #1e1e1e;\n            border-radius: 10px;\n            box-shadow: 0px 0px 10px rgba(255, 255, 255, 0.1);\n            text-align: center;\n        }\n        input {\n            background-color: #2c2c2c;\n            color: white;\n            border: 1px solid #444;\n        }\n        label {\n            font-weight: bold;\n            text-align: left;\n            display: block;\n        }\n        .btn-primary {\n            background-color: #6200ea;\n            border: none;\n            width: 100%;\n        }\n        .btn-primary:hover {\n            background-color: #3700b3;\n        }\n        .btn-secondary {\n            background-color: #555;\n            border: none;\n        }\n        .btn-secondary:hover {\n            background-color: #777;\n        }\n    </style>\n</head>\n<body>\n\n    <div class="container">\n        <h3 class="mb-4">Log In</h3>\n        <form method="post">\n            <input id="csrf_token" name="csrf_token" type="hidden" value="ImQyZDA4NWNjYmMxMmI3Njg4MWQ5MzI2YTBhN2I4YTJlZDVkZDhkYjEi.Z8gbDw.pnvtOk-umIPRQYuf0n-TrUg2Abg">\n\n            <div class="mb-3">\n                <label for="username">Enter username</label>\n                <input class="form-control" id="username" name="username" required type="text" value="testuser">\n            </div>\n\n            <div class="mb-3">\n                <label for="password">Enter Password</label>\n                <input class="form-control" id="password" name="password" required type="password" value="">\n            </div>\n\n            <div class="mb-3">\n                <h6>Don\'t have an account?</h6>\n                <a class="btn btn-sm btn-secondary" href="/register">Register</a>\n            </div>\n\n            <div>\n                <input class="btn btn-primary py-2" id="submit" name="submit" type="submit" value="Log-in">\n            </div>\n        </form>\n    </div>\n\n    <script src="https://cdn.jsdelivr.net/npm/bootstrap@5.3.2/dist/js/bootstrap.bundle.min.js"></script>\n</body>\n</html>'

tests\test_app.py:50: AssertionError
______________________ FlaskTestCase.test_register_user _______________________

self = <tests.test_app.FlaskTestCase testMethod=test_register_user>

    def test_register_user(self):
        response = self.client.post('/register', data=dict(
            username="testuser",
            email_address="test@example.com",
            password1="password123",
            password2="password123"
        ), follow_redirects=True)
        self.assertEqual(response.status_code, 200)
>       self.assertIn("Details", response.data.decode())
E       AssertionError: 'Details' not found in '<!DOCTYPE html>\n<html lang="en">\n<head>\n    <meta charset="UTF-8">\n    <meta name="viewport" content="width=device-width, initial-scale=1.0">\n    <title>Register</title>\n    <link href="https://cdn.jsdelivr.net/npm/bootstrap@5.3.2/dist/css/bootstrap.min.css" rel="stylesheet">\n    <style>\n        body {\n            background-color: #121212;\n            color: white;\n        }\n        .container {\n            max-width: 500px;\n            margin-top: 50px;\n            padding: 30px;\n            background-color: #1e1e1e;\n            border-radius: 10px;\n            box-shadow: 0px 0px 10px rgba(255, 255, 255, 0.1);\n            text-align: center;\n        }\n        input {\n            background-color: #2c2c2c;\n            color: white;\n            border: 1px solid #444;\n        }\n        label {\n            font-weight: bold;\n            text-align: left;\n            display: block;\n        }\n        .btn-primary {\n            background-color: #6200ea;\n            border: none;\n        }\n        .btn-primary:hover {\n            background-color: #3700b3;\n        }\n        .btn-secondary {\n            background-color: #444;\n            border: none;\n        }\n        .btn-secondary:hover {\n            background-color: #333;\n        }\n    </style>\n</head>\n<body>\n\n    <div class="container">\n        <h3 class="mb-4">Register</h3>\n        <form method="post">\n            <input id="csrf_token" name="csrf_token" type="hidden" value="IjNmMGQzMWEzZTI5ZDUxMTU5NzY5OGFhZDA3NzBlNjZhZGNiYzc4MDAi.Z8gbDw.CbvSyPAdbrz511h3qRM8m01iMP8">\n\n            <div class="mb-3">\n                <label for="username">User Name:</label>\n                <input class="form-control" id="username" maxlength="30" minlength="2" name="username" required type="text" value="testuser">\n            </div>\n\n            <div class="mb-3">\n                <label for="email_address">Email Address</label>\n                <input class="form-control" id="email_address" name="email_address" required type="email" value="test@example.com">\n            </div>\n\n            <div class="mb-3">\n                <label for="password1">password:</label>\n                <input class="form-control" id="password1" minlength="6" name="password1" required type="password" value="">\n            </div>\n\n            <div class="mb-3">\n                <label for="password2">confirm password:</label>\n                <input class="form-control" id="password2" name="password2" required type="password" value="">\n            </div>\n\n            <div class="mb-3">\n                <h6>Already have an account?</h6>\n                <a class="btn btn-sm btn-secondary" href="/login">Log in</a>\n            </div>\n\n            <div>\n                <input class="btn btn-primary px-4 py-2" id="submit" name="submit" type="submit" value="Create account">\n            </div>\n        </form>\n    </div>\n\n    <script src="https://cdn.jsdelivr.net/npm/bootstrap@5.3.2/dist/js/bootstrap.bundle.min.js"></script>\n</body>\n</html>'

tests\test_app.py:33: AssertionError
============================== warnings summary ===============================
<frozen importlib._bootstrap>:488
  <frozen importlib._bootstrap>:488: DeprecationWarning: Type google._upb._message.MessageMapContainer uses PyType_Spec with a metaclass that has custom tp_new. This is deprecated and will no longer be allowed in Python 3.14.

<frozen importlib._bootstrap>:488
  <frozen importlib._bootstrap>:488: DeprecationWarning: Type google._upb._message.ScalarMapContainer uses PyType_Spec with a metaclass that has custom tp_new. This is deprecated and will no longer be allowed in Python 3.14.

-- Docs: https://docs.pytest.org/en/stable/how-to/capture-warnings.html
=========================== short test summary info ===========================
FAILED tests/test_app.py::FlaskTestCase::test_ai_article_generation - Asserti...
FAILED tests/test_app.py::FlaskTestCase::test_file_upload - AssertionError: '...
FAILED tests/test_app.py::FlaskTestCase::test_invalid_file_upload - Assertion...
FAILED tests/test_app.py::FlaskTestCase::test_invalid_login - AssertionError:...
FAILED tests/test_app.py::FlaskTestCase::test_login - AssertionError: 'Choose...
FAILED tests/test_app.py::FlaskTestCase::test_register_user - AssertionError:...
=================== 6 failed, 3 passed, 2 warnings in 0.99s ===================





============================= test session starts =============================
platform win32 -- Python 3.12.3, pytest-8.3.5, pluggy-1.5.0
rootdir: D:\Flask_Blog
collected 9 items

tests\test_app.py F.F.FFF.F                                              [100%]

================================== FAILURES ===================================
__________________ FlaskTestCase.test_ai_article_generation ___________________

self = <tests.test_app.FlaskTestCase testMethod=test_ai_article_generation>

    def test_ai_article_generation(self):
        response = self.client.post('/aichat', data=dict(
            title="AI in Healthcare"
        ), follow_redirects=True)
        self.assertEqual(response.status_code, 200)
        # Since a valid title should redirect to 'editai' route, checking for "Edit" is acceptable if that's present on the edit page.
>       self.assertIn("Edit", response.data.decode())
E       AssertionError: 'Edit' not found in '<!DOCTYPE html>\n<html lang="en">\n<head>\n    <meta charset="UTF-8">\n    <meta name="viewport" content="width=device-width, initial-scale=1.0">\n    <title>Enter Prompt</title>\n    <link href="https://cdn.jsdelivr.net/npm/bootstrap@5.3.2/dist/css/bootstrap.min.css" rel="stylesheet">\n    <style>\n        body {\n            background-color: #121212;\n            color: white;\n        }\n        .container {\n            max-width: 500px;\n            margin-top: 50px;\n            padding: 30px;\n            background-color: #1e1e1e;\n            border-radius: 10px;\n            box-shadow: 0px 0px 10px rgba(255, 255, 255, 0.1);\n            text-align: center;\n        }\n        input {\n            background-color: #2c2c2c;\n            color: white;\n            border: 1px solid #444;\n        }\n        label, h3 {\n            font-weight: bold;\n        }\n        .btn-primary {\n            background-color: #6200ea;\n            border: none;\n        }\n        .btn-primary:hover {\n            background-color: #3700b3;\n        }\n    </style>\n</head>\n<body>\n\n    <div class="container">\n        <h3 class="mb-4">Enter Title for the Article</h3>\n        <form method="post" enctype="multipart/form-data">\n            <input id="csrf_token" name="csrf_token" type="hidden" value="ImJhMDAyYmRkM2U5NzI5OWVlN2YwNmM1ZTNjYWIxYjUwOGYwNzY2ZDYi.Z8gbRA.dO3EQk8u32vkVACQtv8JYgY6tLw">\n\n            <div class="mb-3">\n                <textarea class="form-control" id="title" name="title" required>\r\nAI in Healthcare</textarea>\n            </div>\n\n            <div>\n                <input class="btn btn-primary px-4 py-2" id="submit" name="submit" type="submit" value="Generate Article">\n            </div>\n        </form>\n    </div>\n\n    <script src="https://cdn.jsdelivr.net/npm/bootstrap@5.3.2/dist/js/bootstrap.bundle.min.js"></script>\n</body>\n</html>'

tests\test_app.py:66: AssertionError
_______________________ FlaskTestCase.test_file_upload ________________________

self = <tests.test_app.FlaskTestCase testMethod=test_file_upload>

    def test_file_upload(self):
        with open("sample.md", "rb") as file:
            response = self.client.post('/home', data=dict(
                file=(file, "sample.md"),
                title="Sample Blog",
                platforms=["dev"],
                image_url=""
            ), follow_redirects=True)
        self.assertEqual(response.status_code, 200)
>       self.assertIn("Post Added to Draft successful", response.data.decode())
E       AssertionError: 'Post Added to Draft successful' not found in '<!DOCTYPE html>\n<html lang="en">\n<head>\n    <meta charset="UTF-8">\n    <meta name="viewport" content="width=device-width, initial-scale=1.0">\n    <title>Upload Form</title>\n    <link href="https://cdn.jsdelivr.net/npm/bootstrap@5.3.2/dist/css/bootstrap.min.css" rel="stylesheet">\n    <style>\n        body {\n            background-color: #121212;\n            color: white;\n        }\n        .container {\n            max-width: 600px;\n            margin-top: 50px;\n            background: #1e1e1e;\n            padding: 30px;\n            border-radius: 10px;\n            box-shadow: 0px 0px 15px rgba(255, 255, 255, 0.1);\n        }\n        h1, h3 {\n            text-align: center;\n            margin-bottom: 20px;\n        }\n        .form-control {\n            background-color: #2a2a2a;\n            color: white;\n            border: 1px solid #444;\n        }\n        .btn-primary {\n            background-color: #6200ea;\n            border: none;\n            width: 100%;\n        }\n        .btn-primary:hover {\n            background-color: #3700b3;\n        }\n    </style>\n</head>\n<body>\n\n    <div class="container">\n        <h1>Upload File [Only .md Files Allowed]</h1>\n\n        <form method="post" enctype="multipart/form-data">\n            <input id="csrf_token" name="csrf_token" type="hidden" value="ImQyMGRjN2M5YjlkZmViMmNjZDgzMWNiMTE4MjhkM2IwZWY4YTY0NGUi.Z8gbRA.rXiK8KCbsfRRPS3Felh2VEtnXTo">\n\n            <div class="mb-3">\n                <input class="form-control" id="file" name="file" required type="file">\n            </div>\n\n            <h3>Enter Title for the Article</h3>\n            <div class="mb-3">\n                <textarea class="form-control" id="title" name="title" required>\r\nSample Blog</textarea>\n            </div>\n\n            <div class="mb-3">\n                <label for="image_url">Upload image url</label>\n                <input class="form-control" id="image_url" name="image_url" type="url" value="">\n            </div>\n\n            <div class="mb-3">\n                <label for="platforms">Choose Platforms  [ctrl+click to select multiple platforms]</label>\n                <select class="form-control" id="platforms" multiple name="platforms" required><option value="med">Medium</option><option selected value="dev">DevCommunity</option><option value="hn">HashNode</option></select>\n            </div>\n\n            <button type="submit" class="btn btn-primary btn-lg">Submit</button>\n        </form>\n    </div>\n\n    <script src="https://cdn.jsdelivr.net/npm/bootstrap@5.3.2/dist/js/bootstrap.bundle.min.js"></script>\n</body>\n</html>'

tests\test_app.py:99: AssertionError
___________________ FlaskTestCase.test_invalid_file_upload ____________________

self = <tests.test_app.FlaskTestCase testMethod=test_invalid_file_upload>

    def test_invalid_file_upload(self):
        # Test uploading a file with an invalid extension (e.g., .txt)
        with open("sample.txt", "rb") as file:
            response = self.client.post('/home', data=dict(
                file=(file, "sample.txt"),
                title="Invalid File",
                platforms=["dev"],
                image_url=""
            ), follow_redirects=True)
    
        # Since your code returns a string with a 200 status, we check for that message.
        self.assertEqual(response.status_code, 200)
>       self.assertIn("Invalid file extension. Only .md files are allowed.", response.data.decode())
E       AssertionError: 'Invalid file extension. Only .md files are allowed.' not found in '<!DOCTYPE html>\n<html lang="en">\n<head>\n    <meta charset="UTF-8">\n    <meta name="viewport" content="width=device-width, initial-scale=1.0">\n    <title>Upload Form</title>\n    <link href="https://cdn.jsdelivr.net/npm/bootstrap@5.3.2/dist/css/bootstrap.min.css" rel="stylesheet">\n    <style>\n        body {\n            background-color: #121212;\n            color: white;\n        }\n        .container {\n            max-width: 600px;\n            margin-top: 50px;\n            background: #1e1e1e;\n            padding: 30px;\n            border-radius: 10px;\n            box-shadow: 0px 0px 15px rgba(255, 255, 255, 0.1);\n        }\n        h1, h3 {\n            text-align: center;\n            margin-bottom: 20px;\n        }\n        .form-control {\n            background-color: #2a2a2a;\n            color: white;\n            border: 1px solid #444;\n        }\n        .btn-primary {\n            background-color: #6200ea;\n            border: none;\n            width: 100%;\n        }\n        .btn-primary:hover {\n            background-color: #3700b3;\n        }\n    </style>\n</head>\n<body>\n\n    <div class="container">\n        <h1>Upload File [Only .md Files Allowed]</h1>\n\n        <form method="post" enctype="multipart/form-data">\n            <input id="csrf_token" name="csrf_token" type="hidden" value="ImMwZGYzNmQwYzdhNjkxNDY3ZThmOGQ1OTBmZDEzZDExYTc5YzIyNTAi.Z8gbRA.KrzW-aEusG8Eld4kimXsMOcFcmU">\n\n            <div class="mb-3">\n                <input class="form-control" id="file" name="file" required type="file">\n            </div>\n\n            <h3>Enter Title for the Article</h3>\n            <div class="mb-3">\n                <textarea class="form-control" id="title" name="title" required>\r\nInvalid File</textarea>\n            </div>\n\n            <div class="mb-3">\n                <label for="image_url">Upload image url</label>\n                <input class="form-control" id="image_url" name="image_url" type="url" value="">\n            </div>\n\n            <div class="mb-3">\n                <label for="platforms">Choose Platforms  [ctrl+click to select multiple platforms]</label>\n                <select class="form-control" id="platforms" multiple name="platforms" required><option value="med">Medium</option><option selected value="dev">DevCommunity</option><option value="hn">HashNode</option></select>\n            </div>\n\n            <button type="submit" class="btn btn-primary btn-lg">Submit</button>\n        </form>\n    </div>\n\n    <script src="https://cdn.jsdelivr.net/npm/bootstrap@5.3.2/dist/js/bootstrap.bundle.min.js"></script>\n</body>\n</html>'

tests\test_app.py:80: AssertionError
______________________ FlaskTestCase.test_invalid_login _______________________

self = <tests.test_app.FlaskTestCase testMethod=test_invalid_login>

    def test_invalid_login(self):
        response = self.client.post('/login', data=dict(
            username="wronguser",
            password="wrongpassword"
        ), follow_redirects=True)
        self.assertEqual(response.status_code, 200)
>       self.assertIn("Login credentials wrong", response.data.decode())
E       AssertionError: 'Login credentials wrong' not found in '<!DOCTYPE html>\n<html lang="en">\n<head>\n    <meta charset="UTF-8">\n    <meta name="viewport" content="width=device-width, initial-scale=1.0">\n    <title>Log In</title>\n    <link href="https://cdn.jsdelivr.net/npm/bootstrap@5.3.2/dist/css/bootstrap.min.css" rel="stylesheet">\n    <style>\n        body {\n            background-color: #121212;\n            color: white;\n        }\n        .container {\n            max-width: 400px;\n            margin-top: 80px;\n            padding: 30px;\n            background-color: #1e1e1e;\n            border-radius: 10px;\n            box-shadow: 0px 0px 10px rgba(255, 255, 255, 0.1);\n            text-align: center;\n        }\n        input {\n            background-color: #2c2c2c;\n            color: white;\n            border: 1px solid #444;\n        }\n        label {\n            font-weight: bold;\n            text-align: left;\n            display: block;\n        }\n        .btn-primary {\n            background-color: #6200ea;\n            border: none;\n            width: 100%;\n        }\n        .btn-primary:hover {\n            background-color: #3700b3;\n        }\n        .btn-secondary {\n            background-color: #555;\n            border: none;\n        }\n        .btn-secondary:hover {\n            background-color: #777;\n        }\n    </style>\n</head>\n<body>\n\n    <div class="container">\n        <h3 class="mb-4">Log In</h3>\n        <form method="post">\n            <input id="csrf_token" name="csrf_token" type="hidden" value="IjU2MzY2MWFiYzI1YTc5NmY0NWEyNWI4OWJmZjQyMzhjNDllMDQ4M2Ei.Z8gbRA.c6_yeHO0RBxN19LPh33nn6yBrrU">\n\n            <div class="mb-3">\n                <label for="username">Enter username</label>\n                <input class="form-control" id="username" name="username" required type="text" value="wronguser">\n            </div>\n\n            <div class="mb-3">\n                <label for="password">Enter Password</label>\n                <input class="form-control" id="password" name="password" required type="password" value="">\n            </div>\n\n            <div class="mb-3">\n                <h6>Don\'t have an account?</h6>\n                <a class="btn btn-sm btn-secondary" href="/register">Register</a>\n            </div>\n\n            <div>\n                <input class="btn btn-primary py-2" id="submit" name="submit" type="submit" value="Log-in">\n            </div>\n        </form>\n    </div>\n\n    <script src="https://cdn.jsdelivr.net/npm/bootstrap@5.3.2/dist/js/bootstrap.bundle.min.js"></script>\n</body>\n</html>'

tests\test_app.py:58: AssertionError
__________________________ FlaskTestCase.test_login ___________________________

self = <tests.test_app.FlaskTestCase testMethod=test_login>

    def test_login(self):
        # First, register a user
        self.client.post('/register', data=dict(
            username="testuser",
            email_address="test@example.com",
            password1="password123",
            password2="password123"
        ), follow_redirects=True)
    
        response = self.client.post('/login', data=dict(
            username="testuser",
            password="password123"
        ), follow_redirects=True)
    
        self.assertEqual(response.status_code, 200)
>       self.assertIn("Choose", response.data.decode())
E       AssertionError: 'Choose' not found in '<!DOCTYPE html>\n<html lang="en">\n<head>\n    <meta charset="UTF-8">\n    <meta name="viewport" content="width=device-width, initial-scale=1.0">\n    <title>Log In</title>\n    <link href="https://cdn.jsdelivr.net/npm/bootstrap@5.3.2/dist/css/bootstrap.min.css" rel="stylesheet">\n    <style>\n        body {\n            background-color: #121212;\n            color: white;\n        }\n        .container {\n            max-width: 400px;\n            margin-top: 80px;\n            padding: 30px;\n            background-color: #1e1e1e;\n            border-radius: 10px;\n            box-shadow: 0px 0px 10px rgba(255, 255, 255, 0.1);\n            text-align: center;\n        }\n        input {\n            background-color: #2c2c2c;\n            color: white;\n            border: 1px solid #444;\n        }\n        label {\n            font-weight: bold;\n            text-align: left;\n            display: block;\n        }\n        .btn-primary {\n            background-color: #6200ea;\n            border: none;\n            width: 100%;\n        }\n        .btn-primary:hover {\n            background-color: #3700b3;\n        }\n        .btn-secondary {\n            background-color: #555;\n            border: none;\n        }\n        .btn-secondary:hover {\n            background-color: #777;\n        }\n    </style>\n</head>\n<body>\n\n    <div class="container">\n        <h3 class="mb-4">Log In</h3>\n        <form method="post">\n            <input id="csrf_token" name="csrf_token" type="hidden" value="IjdiNWYzYjg4ODM3YmVkMGM1MjFkODkzMTA0ZjYyM2RjNTlkZTZmZjAi.Z8gbRA.HBTR7-GlwCmcvlRm9opGvvCnW4A">\n\n            <div class="mb-3">\n                <label for="username">Enter username</label>\n                <input class="form-control" id="username" name="username" required type="text" value="testuser">\n            </div>\n\n            <div class="mb-3">\n                <label for="password">Enter Password</label>\n                <input class="form-control" id="password" name="password" required type="password" value="">\n            </div>\n\n            <div class="mb-3">\n                <h6>Don\'t have an account?</h6>\n                <a class="btn btn-sm btn-secondary" href="/register">Register</a>\n            </div>\n\n            <div>\n                <input class="btn btn-primary py-2" id="submit" name="submit" type="submit" value="Log-in">\n            </div>\n        </form>\n    </div>\n\n    <script src="https://cdn.jsdelivr.net/npm/bootstrap@5.3.2/dist/js/bootstrap.bundle.min.js"></script>\n</body>\n</html>'

tests\test_app.py:50: AssertionError
______________________ FlaskTestCase.test_register_user _______________________

self = <tests.test_app.FlaskTestCase testMethod=test_register_user>

    def test_register_user(self):
        response = self.client.post('/register', data=dict(
            username="testuser",
            email_address="test@example.com",
            password1="password123",
            password2="password123"
        ), follow_redirects=True)
        self.assertEqual(response.status_code, 200)
>       self.assertIn("Details", response.data.decode())
E       AssertionError: 'Details' not found in '<!DOCTYPE html>\n<html lang="en">\n<head>\n    <meta charset="UTF-8">\n    <meta name="viewport" content="width=device-width, initial-scale=1.0">\n    <title>Register</title>\n    <link href="https://cdn.jsdelivr.net/npm/bootstrap@5.3.2/dist/css/bootstrap.min.css" rel="stylesheet">\n    <style>\n        body {\n            background-color: #121212;\n            color: white;\n        }\n        .container {\n            max-width: 500px;\n            margin-top: 50px;\n            padding: 30px;\n            background-color: #1e1e1e;\n            border-radius: 10px;\n            box-shadow: 0px 0px 10px rgba(255, 255, 255, 0.1);\n            text-align: center;\n        }\n        input {\n            background-color: #2c2c2c;\n            color: white;\n            border: 1px solid #444;\n        }\n        label {\n            font-weight: bold;\n            text-align: left;\n            display: block;\n        }\n        .btn-primary {\n            background-color: #6200ea;\n            border: none;\n        }\n        .btn-primary:hover {\n            background-color: #3700b3;\n        }\n        .btn-secondary {\n            background-color: #444;\n            border: none;\n        }\n        .btn-secondary:hover {\n            background-color: #333;\n        }\n    </style>\n</head>\n<body>\n\n    <div class="container">\n        <h3 class="mb-4">Register</h3>\n        <form method="post">\n            <input id="csrf_token" name="csrf_token" type="hidden" value="IjlkYjc1NTk5NzA3NDk0Y2Q4NzM2ODAzZGVkZmM0ZTQxZDJkNmFjM2Ii.Z8gbRA.4fexemn2k9kcjfuJBgA2MF1G1gA">\n\n            <div class="mb-3">\n                <label for="username">User Name:</label>\n                <input class="form-control" id="username" maxlength="30" minlength="2" name="username" required type="text" value="testuser">\n            </div>\n\n            <div class="mb-3">\n                <label for="email_address">Email Address</label>\n                <input class="form-control" id="email_address" name="email_address" required type="email" value="test@example.com">\n            </div>\n\n            <div class="mb-3">\n                <label for="password1">password:</label>\n                <input class="form-control" id="password1" minlength="6" name="password1" required type="password" value="">\n            </div>\n\n            <div class="mb-3">\n                <label for="password2">confirm password:</label>\n                <input class="form-control" id="password2" name="password2" required type="password" value="">\n            </div>\n\n            <div class="mb-3">\n                <h6>Already have an account?</h6>\n                <a class="btn btn-sm btn-secondary" href="/login">Log in</a>\n            </div>\n\n            <div>\n                <input class="btn btn-primary px-4 py-2" id="submit" name="submit" type="submit" value="Create account">\n            </div>\n        </form>\n    </div>\n\n    <script src="https://cdn.jsdelivr.net/npm/bootstrap@5.3.2/dist/js/bootstrap.bundle.min.js"></script>\n</body>\n</html>'

tests\test_app.py:33: AssertionError
============================== warnings summary ===============================
<frozen importlib._bootstrap>:488
  <frozen importlib._bootstrap>:488: DeprecationWarning: Type google._upb._message.MessageMapContainer uses PyType_Spec with a metaclass that has custom tp_new. This is deprecated and will no longer be allowed in Python 3.14.

<frozen importlib._bootstrap>:488
  <frozen importlib._bootstrap>:488: DeprecationWarning: Type google._upb._message.ScalarMapContainer uses PyType_Spec with a metaclass that has custom tp_new. This is deprecated and will no longer be allowed in Python 3.14.

-- Docs: https://docs.pytest.org/en/stable/how-to/capture-warnings.html
=========================== short test summary info ===========================
FAILED tests/test_app.py::FlaskTestCase::test_ai_article_generation - Asserti...
FAILED tests/test_app.py::FlaskTestCase::test_file_upload - AssertionError: '...
FAILED tests/test_app.py::FlaskTestCase::test_invalid_file_upload - Assertion...
FAILED tests/test_app.py::FlaskTestCase::test_invalid_login - AssertionError:...
FAILED tests/test_app.py::FlaskTestCase::test_login - AssertionError: 'Choose...
FAILED tests/test_app.py::FlaskTestCase::test_register_user - AssertionError:...
=================== 6 failed, 3 passed, 2 warnings in 1.08s ===================





============================= test session starts =============================
platform win32 -- Python 3.12.3, pytest-8.3.5, pluggy-1.5.0
rootdir: D:\Flask_Blog
collected 9 items

tests\test_app.py .........                                              [100%]

============================== warnings summary ===============================
<frozen importlib._bootstrap>:488
  <frozen importlib._bootstrap>:488: DeprecationWarning: Type google._upb._message.MessageMapContainer uses PyType_Spec with a metaclass that has custom tp_new. This is deprecated and will no longer be allowed in Python 3.14.

<frozen importlib._bootstrap>:488
  <frozen importlib._bootstrap>:488: DeprecationWarning: Type google._upb._message.ScalarMapContainer uses PyType_Spec with a metaclass that has custom tp_new. This is deprecated and will no longer be allowed in Python 3.14.

-- Docs: https://docs.pytest.org/en/stable/how-to/capture-warnings.html
======================== 9 passed, 2 warnings in 0.99s ========================


